---
source: tests/run.rs
expression: rust_output
input_file: examples/demo_io/main.hvm
---
Result: ((1 (@IO_T/MAGIC (((1 (80 (((1 (85 (((1 (84 (((1 (95 (((1 (84 (((1 (69 (((1 (88 (((1 (84 (@String/Nil x0))) x0) x1))) x1) x2))) x2) x3))) x3) x4))) x4) x5))) x5) x6))) x6) x7))) x7) (((1 (104 (((1 (101 (((1 (108 (((1 (108 (((1 (111 (((1 (10 (@String/Nil x8))) x8) x9))) x9) x10))) x10) x11))) x11) x12))) x12) x13))) x13) ((* ((1 (@IO_T/MAGIC (((1 (80 (((1 (85 (((1 (84 (((1 (95 (((1 (84 (((1 (69 (((1 (88 (((1 (84 (@String/Nil x14))) x14) x15))) x15) x16))) x16) x17))) x17) x18))) x18) x19))) x19) x20))) x20) x21))) x21) (((1 (119 (((1 (111 (((1 (114 (((1 (108 (((1 (100 (((1 (10 (@String/Nil x22))) x22) x23))) x23) x24))) x24) x25))) x25) x26))) x26) x27))) x27) ((* 42) x28))))) x28)) x29))))) x29)
